Tivins\Baz\Core\Net\ClientMulti#5 => 0.0s
Tivins\Baz\Core\Net\ClientMulti#5 => 0.1s
Tivins\Baz\Core\Net\ClientMulti#5 => 0.2s
Tivins\Baz\Core\Net\ClientMulti#5 => 0.3s
Tivins\Baz\Core\Net\ClientMulti#5 => 0.4s
Tivins\Baz\Core\Net\ClientMulti#5 => 0.5s
Tivins\Baz\Core\Net\ClientMulti#5 => 0.6s
Tivins\Baz\Core\Net\ClientAsync#4 200 (511)
{
  "args": {}, 
  "data": "{\"yo\":\"lo\"}", 
  "files": {}, 
  "form": {}, 
  "headers": {
    "Accept": "*/*", 
    "Content-Length": "11", 
    "Content-Type": "application/json", 
    "Host": "httpbin.org", 
    "User-Agent": "Mozilla/5.0 (X11; Ubuntu; Linux x86_64; rv:97.0) Gecko/xx.xx.xx.xx Firefox/97.0", 
    "X-Amzn-Trace-Id": "Root=xx.xx.xx.xx-408786bbxx.xx.xx.xxb1bcc6a"
  }, 
  "json": {
    "yo": "lo"
  }, 
  "method": "POST", 
  "origin": "xx.xx.xx.xx", 
  "url": "https://httpbin.org/anything"
}

