Tivins\Baz\Core\Net\Client#4 200 (497)
stdClass Object
(
    [args] => stdClass Object
        (
        )

    [data] => 
    [files] => stdClass Object
        (
        )

    [form] => stdClass Object
        (
        )

    [headers] => stdClass Object
        (
            [Accept] => */*
            [Content-Length] => 0
            [Content-Type] => application/x-www-form-urlencoded
            [Host] => httpbin.org
            [User-Agent] => Mozilla/5.0 (X11; Ubuntu; Linux x86_64; rv:102.0) Gecko/xx.xx.xx.xx Firefox/102.0
            [X-Amzn-Trace-Id] => Root=xx.xx.xx.xx-xx.xx.xx.xxbecxx.xx.xx.xx
        )

    [json] => 
    [method] => GET
    [origin] => xx.xx.xx.xx
    [url] => https://httpbin.org/anything
)
