Tivins\Core\Net\Client#4 200 (542)
stdClass Object
(
    [args] => stdClass Object
        (
        )

    [data] => 
    [files] => stdClass Object
        (
        )

    [form] => stdClass Object
        (
        )

    [headers] => stdClass Object
        (
            [Accept] => */*
            [Accept-Encoding] => deflate, gzip, br
            [Content-Length] => 0
            [Content-Type] => application/x-www-form-urlencoded
            [Host] => httpbin.org
            [User-Agent] => Mozilla/5.0 (X11; Ubuntu; Linux x86_64; rv:108.0) Gecko/20100101 Firefox/108.0
            [X-Amzn-Trace-Id] => Root=1-63cee135-29c6c8a615ad07af6cc18c58
        )

    [json] => 
    [method] => GET
    [origin] => xx.xx.xx.xx
    [url] => https://httpbin.org/anything
)
