Tivins\Core\Net\ClientMulti#5 => 0.0s
Tivins\Core\Net\ClientMulti#5 => 0.1s
Tivins\Core\Net\ClientMulti#5 => 0.2s
Tivins\Core\Net\ClientMulti#5 => 0.3s
Tivins\Core\Net\ClientMulti#5 => 0.4s
Tivins\Core\Net\ClientMulti#5 => 0.5s
Tivins\Core\Net\ClientMulti#5 => 0.6s
Tivins\Core\Net\ClientAsync#4 200 (558)
{
  "args": {}, 
  "data": "{\"yo\":\"lo\"}", 
  "files": {}, 
  "form": {}, 
  "headers": {
    "Accept": "*/*", 
    "Accept-Encoding": "deflate, gzip, br", 
    "Content-Length": "11", 
    "Content-Type": "application/json", 
    "Host": "httpbin.org", 
    "User-Agent": "Mozilla/5.0 (X11; Ubuntu; Linux x86_64; rv:106.0) Gecko/20100101 Firefox/106.0", 
    "X-Amzn-Trace-Id": "Root=1-63cd690e-733ee32063334d32105a6840"
  }, 
  "json": {
    "yo": "lo"
  }, 
  "method": "POST", 
  "origin": "xx.xx.xx.xx", 
  "url": "https://httpbin.org/anything"
}

