- #45 : Tivins\Core\Net\Client#43, Code: 200, Size: 1256 bytes
- #46 : Tivins\Core\Net\Client#5, Code: 200, Size: 558 bytes
