Tivins\Core\Net\Client#21 200 (613)
{
  "args": {}, 
  "data": "{\"yo\":\"lo\"}", 
  "files": {}, 
  "form": {}, 
  "headers": {
    "Accept": "*/*", 
    "Accept-Encoding": "deflate, gzip, br", 
    "Authorization": "Bearer a-token-from-elsewhere", 
    "Content-Length": "11", 
    "Content-Type": "application/json", 
    "Host": "httpbin.org", 
    "User-Agent": "Mozilla/5.0 (X11; Ubuntu; Linux x86_64; rv:101.0) Gecko/20100101 Firefox/101.0", 
    "X-Amzn-Trace-Id": "Root=1-63cee136-1ec8d0b936b8d70030aa3d1a"
  }, 
  "json": {
    "yo": "lo"
  }, 
  "method": "POST", 
  "origin": "xx.xx.xx.xx", 
  "url": "https://httpbin.org/anything"
}

