{"version":2,"width":80,"height":10,"timestamp":1674502452,"env":{"SHELL":"\/bin\/bash","TERM":"xterm-256color"}}
[0,"o","\u0007\u001b[01;32mme@hostname\u001b[00m:\u001b[01;34m\/\u001b[00m$ run.php\r\n"]
[0.03485393524169922,"o","Hello"]
[1.0348260402679443,"o","Word\r\n"]
[1.0506720542907715,"o","\u0007\u001b[01;32mme@hostname\u001b[00m:\u001b[01;34m\/\u001b[00m$ "]
