 ðŸ”§ part1
 â””â”€ processing action1 ...
[1A[K â””â”€ processing action2 ...
[1A[K â””â”€ processing action3 ...
[1A[K[1A[K âœ… part1 (1.54 s.)
 ðŸ”§ part2
 â””â”€ processing action4 ...
[1A[K â””â”€ processing action5 ...
[1A[K[1A[K âœ… part2 (0.96 s.)
All tasks finished in 2.50 seconds.
