Could not open input file: /sites/php-common/.elabo/workflows/src/test/bin/HttpClientMulti.php
